// Jest Snapshot v1, https://goo.gl/fbAQLP

exports[`TestRevsolver Placeholder Test: 
      {
        "data": {
          "tests": [
            {
              "id": "b84ba25f-edbf-4248-b229-c5a704e813cc",
              "text": "1) texte du premier test d'intégration",
            },
            {
              "id": "1ebd2d9a-a0c8-49d2-9bd3-0b691ff051e0",
              "text": "2) texte du deuxième test d'intégration",
            },
          ],
        },
      }
     1`] = `
{
  "data": null,
  "errors": [
    [GraphQLError: Access denied! You don't have permission for this action!],
  ],
}
`;

exports[`TestRevsolver can create a test 1`] = `
{
  "errors": [
    [GraphQLError: Variable "$text" of required type "String!" was not provided.],
  ],
}
`;
